[2m[54:04.1][22m  [36m@stencil/core[39m
[2m[54:04.5][22m  [36mv4.39.0[39m
[2m[54:06.5][22m  build, erix, prod mode, started [2m...[22m
[2m[54:06.5][22m  transpile started [2m...[22m
[2m[54:10.0][22m  transpile finished [2min 3.55 s[22m

[1m[31m[ ERROR ][39m[22m  TypeScript: [36msrc/core/editor/editor-controller.ts[39m[2m:[22m[33m12[39m[2m:[22m[33m18[39m
           'MarkType' is declared but its value is never read.

[2m     L11:  [22m[36mimport[39m { EditorState, Transaction } [36mfrom[39m 'prosemirror-state';
[2m     L12:  [22m[36mimport[39m { Schema, [41mM[49m[41ma[49m[41mr[49m[41mk[49m[41mT[49m[41my[49m[41mp[49m[41me[49m, Node [36mas[39m ProseMirrorNode } [36mfrom[39m 'prosemirro
[2m     L13:  [22m[36mimport[39m { undo [36mas[39m pmUndo, redo [36mas[39m pmRedo, undoDepth, redoDepth } [36mfrom[39m 'prosemirror-history';

[1m[31m[ ERROR ][39m[22m  TypeScript: [36msrc/api/editor-api.ts[39m[2m:[22m[33m158[39m[2m:[22m[33m49[39m
           'newState' is declared but its value is never read.

[2m    L157:  [22m[2m// Set up transaction listener for change events
[22m
[2m    L158:  [22mthis.controller.addTransactionListener((tr, [41mn[49m[41me[49m[41mw[49m[41mS[49m[41mt[49m[41ma[49m[41mt[49m[41me[49m) => {
[2m    L159:  [22m  [36mif[39m (tr.docChanged) {

[2m[54:10.0][22m  [1m[31mbuild failed[39m[22m [2min 3.57 s[22m

